✓ Using MPS (Apple Silicon GPU)
✓ Loaded RETFound
✓ Encoder: FROZEN
✓ Method C: LoRA ON — 8 adapters in last 8 blocks (rank=8, alpha=16, dropout=0.1); 262,144 trainable LoRA params; RETFound base frozen
✓ Per-point attention (dropout=0.4, temp_init=2.0)
✓ Shared point head (dropout=0.4)
✓ Joint global-spatial head ON (ADDITIVE: per-point pred + zero-mean global pattern from mean-pool patches‖CLS; zero-init=no-op start) — targets eyeCorr 0.51
✓ M1: severity head ON (CLS→ΔMD uniform-shift correction on the emergent eye-mean, zero-init=no-op start, blend=1.0) — de-shrunk severity
✓ Cross-point refinement
  Trainable: attention=425,985 + head=558,337 + refinement=11,181 = 995,503
Warm-started 430 tensors from long_global_f1_best.pth (decoder + frozen encoder; LoRA A/B fresh).
Caching frozen prefix (blocks[:16]) — train ×1 views …
  Train: 501 eyes → 501 images
  501 train views cached. Val …
  Train: 130 eyes → 130 images
  130 val eyes cached.
  Freed 16 prefix blocks. Trainable params: 3,144,946
[E01] train MAE 4.97 | VAL MAE 4.387 slope 0.475 corr 0.592 σp/σt 0.80 ✓ saved
[E02] train MAE 4.43 | VAL MAE 4.515 slope 0.531 corr 0.625 σp/σt 0.85
[E03] train MAE 4.46 | VAL MAE 4.161 slope 0.396 corr 0.612 σp/σt 0.65 ✓ saved
[E04] train MAE 4.49 | VAL MAE 4.301 slope 0.527 corr 0.618 σp/σt 0.85
[E06] train MAE 4.27 | VAL MAE 4.090 slope 0.477 corr 0.639 σp/σt 0.75 ✓ saved
[E08] train MAE 4.22 | VAL MAE 4.077 slope 0.385 corr 0.626 σp/σt 0.62
[E10] train MAE 4.17 | VAL MAE 4.219 slope 0.435 corr 0.621 σp/σt 0.70
[E12] train MAE 4.06 | VAL MAE 4.606 slope 0.605 corr 0.649 σp/σt 0.93
[E14] train MAE 3.91 | VAL MAE 4.253 slope 0.464 corr 0.615 σp/σt 0.75
[E16] train MAE 3.84 | VAL MAE 4.340 slope 0.538 corr 0.630 σp/σt 0.85
[E18] train MAE 4.09 | VAL MAE 4.131 slope 0.467 corr 0.634 σp/σt 0.74
[E20] train MAE 3.84 | VAL MAE 4.178 slope 0.411 corr 0.611 σp/σt 0.67
[E22] train MAE 3.80 | VAL MAE 4.191 slope 0.494 corr 0.623 σp/σt 0.79
[E24] train MAE 3.86 | VAL MAE 4.166 slope 0.501 corr 0.632 σp/σt 0.79
[E26] train MAE 3.62 | VAL MAE 4.190 slope 0.513 corr 0.625 σp/σt 0.82
[E28] train MAE 3.56 | VAL MAE 4.186 slope 0.495 corr 0.632 σp/σt 0.78
[E30] train MAE 3.52 | VAL MAE 4.183 slope 0.479 corr 0.625 σp/σt 0.77
[E32] train MAE 3.53 | VAL MAE 4.177 slope 0.479 corr 0.636 σp/σt 0.75
[E34] train MAE 3.39 | VAL MAE 4.151 slope 0.495 corr 0.633 σp/σt 0.78
[E36] train MAE 3.40 | VAL MAE 4.159 slope 0.501 corr 0.635 σp/σt 0.79
[E38] train MAE 3.39 | VAL MAE 4.182 slope 0.507 corr 0.633 σp/σt 0.80
[E40] train MAE 3.39 | VAL MAE 4.172 slope 0.500 corr 0.632 σp/σt 0.79
BEST val: MAE 4.090 slope 0.477 corr 0.639 @ep6 → /Users/oscarchung/Documents/Python Projects/Fundus-To-VF-Generation/decoder/results/auto/m1sev_f1_best.pth
