✓ Using MPS (Apple Silicon GPU)
✓ Loaded RETFound
✓ Encoder: FROZEN
✓ Method C: LoRA ON — 8 adapters in last 8 blocks (rank=8, alpha=16, dropout=0.1); 262,144 trainable LoRA params; RETFound base frozen
✓ Per-point attention (dropout=0.4, temp_init=2.0)
✓ Shared point head (dropout=0.4)
✓ Joint global-spatial head ON (ADDITIVE: per-point pred + zero-mean global pattern from mean-pool patches‖CLS; zero-init=no-op start) — targets eyeCorr 0.51
✓ M1: severity head ON (CLS→ΔMD uniform-shift correction on the emergent eye-mean, zero-init=no-op start, blend=1.0) — de-shrunk severity
✓ Cross-point refinement
  Trainable: attention=425,985 + head=558,337 + refinement=11,181 = 995,503
Warm-started 430 tensors from long_global_f2_best.pth (decoder + frozen encoder; LoRA A/B fresh).
Caching frozen prefix (blocks[:16]) — train ×1 views …
  Train: 511 eyes → 511 images
  511 train views cached. Val …
  Train: 120 eyes → 120 images
  120 val eyes cached.
  Freed 16 prefix blocks. Trainable params: 3,144,946
[E01] train MAE 4.21 | VAL MAE 5.018 slope 0.465 corr 0.620 σp/σt 0.75 ✓ saved
[E02] train MAE 4.09 | VAL MAE 4.731 slope 0.500 corr 0.632 σp/σt 0.79 ✓ saved
[E03] train MAE 4.18 | VAL MAE 4.608 slope 0.486 corr 0.639 σp/σt 0.76 ✓ saved
[E04] train MAE 4.01 | VAL MAE 4.892 slope 0.501 corr 0.627 σp/σt 0.80
[E06] train MAE 3.96 | VAL MAE 4.625 slope 0.524 corr 0.638 σp/σt 0.82 ✓ saved
[E08] train MAE 4.11 | VAL MAE 5.252 slope 0.506 corr 0.609 σp/σt 0.83
[E10] train MAE 3.93 | VAL MAE 5.155 slope 0.487 corr 0.614 σp/σt 0.79
[E12] train MAE 3.83 | VAL MAE 4.957 slope 0.493 corr 0.633 σp/σt 0.78
[E14] train MAE 3.85 | VAL MAE 4.663 slope 0.509 corr 0.640 σp/σt 0.80
[E16] train MAE 3.73 | VAL MAE 4.895 slope 0.501 corr 0.624 σp/σt 0.80
[E18] train MAE 3.54 | VAL MAE 4.833 slope 0.485 corr 0.649 σp/σt 0.75
[E20] train MAE 3.58 | VAL MAE 4.722 slope 0.483 corr 0.642 σp/σt 0.75
[E22] train MAE 3.52 | VAL MAE 4.925 slope 0.522 corr 0.629 σp/σt 0.83
[E24] train MAE 3.58 | VAL MAE 4.758 slope 0.500 corr 0.640 σp/σt 0.78
[E26] train MAE 3.53 | VAL MAE 4.672 slope 0.502 corr 0.647 σp/σt 0.78
[E28] train MAE 3.29 | VAL MAE 4.656 slope 0.508 corr 0.649 σp/σt 0.78
[E30] train MAE 3.25 | VAL MAE 4.727 slope 0.525 corr 0.643 σp/σt 0.82
[E32] train MAE 3.44 | VAL MAE 4.696 slope 0.524 corr 0.647 σp/σt 0.81
[E34] train MAE 3.28 | VAL MAE 4.732 slope 0.533 corr 0.645 σp/σt 0.83
[E36] train MAE 3.20 | VAL MAE 4.705 slope 0.530 corr 0.646 σp/σt 0.82
[E38] train MAE 3.28 | VAL MAE 4.723 slope 0.532 corr 0.645 σp/σt 0.83
[E40] train MAE 3.27 | VAL MAE 4.680 slope 0.530 corr 0.646 σp/σt 0.82
BEST val: MAE 4.625 slope 0.524 corr 0.638 @ep6 → /Users/oscarchung/Documents/Python Projects/Fundus-To-VF-Generation/decoder/results/auto/m1sev_f2_best.pth
