✓ Using MPS (Apple Silicon GPU)
✓ Loaded RETFound
✓ Encoder: FROZEN
✓ Method C: LoRA ON — 8 adapters in last 8 blocks (rank=8, alpha=16, dropout=0.1); 262,144 trainable LoRA params; RETFound base frozen
✓ Per-point attention (dropout=0.4, temp_init=2.0)
✓ Shared point head (dropout=0.4)
✓ Joint global-spatial head ON (ADDITIVE: per-point pred + zero-mean global pattern from mean-pool patches‖CLS; zero-init=no-op start) — targets eyeCorr 0.51
✓ M1: severity head ON (CLS→ΔMD uniform-shift correction on the emergent eye-mean, zero-init=no-op start, blend=1.0) — de-shrunk severity
✓ M2: fundus→RNFL aux head ON (CLS→[Mean,S,N,I,T], train-only; unused at inference) — structural surrogate to raise sev_corr / the r-ceiling
✓ Cross-point refinement
  Trainable: attention=425,985 + head=558,337 + refinement=11,181 = 995,503
Warm-started 430 tensors from long_global_f4_best.pth (decoder + frozen encoder; LoRA A/B fresh).
Caching frozen prefix (blocks[:16]) — train ×1 views …
  Train: 500 eyes → 500 images
  M2: RNFL aux targets on 465/500 train views
  500 train views cached. Val …
  Train: 131 eyes → 131 images
  131 val eyes cached.
  Freed 16 prefix blocks. Trainable params: 3,441,655
[E01] train MAE 4.77 | VAL MAE 4.568 slope 0.430 corr 0.528 σp/σt 0.81 ✓ saved
[E02] train MAE 4.63 | VAL MAE 4.474 slope 0.390 corr 0.515 σp/σt 0.76 ✓ saved
[E03] train MAE 4.55 | VAL MAE 4.432 slope 0.411 corr 0.529 σp/σt 0.78 ✓ saved
[E04] train MAE 4.35 | VAL MAE 4.372 slope 0.405 corr 0.532 σp/σt 0.76 ✓ saved
[E06] train MAE 4.21 | VAL MAE 4.455 slope 0.378 corr 0.513 σp/σt 0.74
[E08] train MAE 4.24 | VAL MAE 4.326 slope 0.378 corr 0.540 σp/σt 0.70 ✓ saved
[E10] train MAE 4.00 | VAL MAE 4.417 slope 0.448 corr 0.540 σp/σt 0.83
[E12] train MAE 4.03 | VAL MAE 4.271 slope 0.400 corr 0.551 σp/σt 0.73 ✓ saved
[E14] train MAE 4.01 | VAL MAE 4.422 slope 0.439 corr 0.531 σp/σt 0.83
[E16] train MAE 3.98 | VAL MAE 4.549 slope 0.482 corr 0.536 σp/σt 0.90
[E18] train MAE 4.00 | VAL MAE 4.464 slope 0.438 corr 0.531 σp/σt 0.83
[E20] train MAE 3.83 | VAL MAE 4.359 slope 0.476 corr 0.558 σp/σt 0.85
[E22] train MAE 3.68 | VAL MAE 4.386 slope 0.467 corr 0.559 σp/σt 0.83
[E24] train MAE 3.65 | VAL MAE 4.320 slope 0.468 corr 0.560 σp/σt 0.84
[E26] train MAE 3.56 | VAL MAE 4.395 slope 0.491 corr 0.564 σp/σt 0.87
[E28] train MAE 3.63 | VAL MAE 4.269 slope 0.460 corr 0.568 σp/σt 0.81 ✓ saved
[E30] train MAE 3.51 | VAL MAE 4.367 slope 0.510 corr 0.577 σp/σt 0.88
[E32] train MAE 3.41 | VAL MAE 4.366 slope 0.491 corr 0.568 σp/σt 0.86
[E34] train MAE 3.37 | VAL MAE 4.354 slope 0.513 corr 0.576 σp/σt 0.89
[E36] train MAE 3.46 | VAL MAE 4.337 slope 0.509 corr 0.579 σp/σt 0.88
[E38] train MAE 3.36 | VAL MAE 4.341 slope 0.511 corr 0.578 σp/σt 0.88
[E40] train MAE 3.48 | VAL MAE 4.339 slope 0.509 corr 0.578 σp/σt 0.88
BEST val: MAE 4.269 slope 0.460 corr 0.568 @ep28 → /Users/oscarchung/Documents/Python Projects/Fundus-To-VF-Generation/decoder/results/auto/m2rnfl_f4_best.pth
