✓ Using MPS (Apple Silicon GPU)
✓ Loaded RETFound
✓ Encoder: FROZEN
✓ Method C: LoRA ON — 8 adapters in last 8 blocks (rank=8, alpha=16, dropout=0.1); 262,144 trainable LoRA params; RETFound base frozen
✓ Per-point attention (dropout=0.4, temp_init=2.0)
✓ Shared point head (dropout=0.4)
✓ Joint global-spatial head ON (ADDITIVE: per-point pred + zero-mean global pattern from mean-pool patches‖CLS; zero-init=no-op start) — targets eyeCorr 0.51
✓ M1: severity head ON (CLS→ΔMD uniform-shift correction on the emergent eye-mean, zero-init=no-op start, blend=1.0) — de-shrunk severity
✓ M2: fundus→RNFL aux head ON (CLS→[Mean,S,N,I,T], train-only; unused at inference) — structural surrogate to raise sev_corr / the r-ceiling
✓ Cross-point refinement
  Trainable: attention=425,985 + head=558,337 + refinement=11,181 = 995,503
Warm-started 430 tensors from long_global_f1_best.pth (decoder + frozen encoder; LoRA A/B fresh).
Caching frozen prefix (blocks[:16]) — train ×1 views …
  Train: 501 eyes → 501 images
  M2: RNFL aux targets on 481/501 train views
  501 train views cached. Val …
  Train: 130 eyes → 130 images
  130 val eyes cached.
  Freed 16 prefix blocks. Trainable params: 3,441,655
[E01] train MAE 4.95 | VAL MAE 4.292 slope 0.252 corr 0.556 σp/σt 0.45 ✓ saved
[E02] train MAE 4.62 | VAL MAE 4.455 slope 0.499 corr 0.615 σp/σt 0.81
[E03] train MAE 4.55 | VAL MAE 4.687 slope 0.461 corr 0.608 σp/σt 0.76
[E04] train MAE 4.56 | VAL MAE 4.149 slope 0.442 corr 0.609 σp/σt 0.72 ✓ saved
[E06] train MAE 4.36 | VAL MAE 4.215 slope 0.468 corr 0.608 σp/σt 0.77
[E08] train MAE 4.48 | VAL MAE 4.106 slope 0.417 corr 0.608 σp/σt 0.69 ✓ saved
[E10] train MAE 4.29 | VAL MAE 4.267 slope 0.502 corr 0.624 σp/σt 0.80
[E12] train MAE 4.09 | VAL MAE 4.268 slope 0.481 corr 0.617 σp/σt 0.78
[E14] train MAE 4.02 | VAL MAE 4.286 slope 0.526 corr 0.620 σp/σt 0.85
[E16] train MAE 4.03 | VAL MAE 4.286 slope 0.496 corr 0.613 σp/σt 0.81
[E18] train MAE 3.90 | VAL MAE 4.179 slope 0.462 corr 0.620 σp/σt 0.75
[E20] train MAE 3.75 | VAL MAE 4.180 slope 0.469 corr 0.620 σp/σt 0.76
[E22] train MAE 3.50 | VAL MAE 4.173 slope 0.441 corr 0.620 σp/σt 0.71
[E24] train MAE 3.48 | VAL MAE 4.232 slope 0.496 corr 0.626 σp/σt 0.79
[E26] train MAE 3.71 | VAL MAE 4.162 slope 0.460 corr 0.626 σp/σt 0.73
[E28] train MAE 3.48 | VAL MAE 4.183 slope 0.459 corr 0.626 σp/σt 0.73
[E30] train MAE 3.41 | VAL MAE 4.161 slope 0.478 corr 0.634 σp/σt 0.75
[E32] train MAE 3.48 | VAL MAE 4.188 slope 0.472 corr 0.628 σp/σt 0.75
[E34] train MAE 3.49 | VAL MAE 4.192 slope 0.466 corr 0.629 σp/σt 0.74
[E36] train MAE 3.45 | VAL MAE 4.188 slope 0.477 corr 0.628 σp/σt 0.76
[E38] train MAE 3.45 | VAL MAE 4.197 slope 0.478 corr 0.627 σp/σt 0.76
[E40] train MAE 3.37 | VAL MAE 4.191 slope 0.478 corr 0.627 σp/σt 0.76
BEST val: MAE 4.106 slope 0.417 corr 0.608 @ep8 → /Users/oscarchung/Documents/Python Projects/Fundus-To-VF-Generation/decoder/results/auto/m2rnfl_f1_best.pth
