✓ Using MPS (Apple Silicon GPU)
✓ Loaded RETFound
✓ Encoder: FROZEN
✓ Method C: LoRA ON — 8 adapters in last 8 blocks (rank=8, alpha=16, dropout=0.1); 262,144 trainable LoRA params; RETFound base frozen
✓ Per-point attention (dropout=0.4, temp_init=2.0)
✓ Shared point head (dropout=0.4)
✓ Joint global-spatial head ON (ADDITIVE: per-point pred + zero-mean global pattern from mean-pool patches‖CLS; zero-init=no-op start) — targets eyeCorr 0.51
✓ M1: severity head ON (CLS→ΔMD uniform-shift correction on the emergent eye-mean, zero-init=no-op start, blend=1.0) — de-shrunk severity
✓ M2: fundus→RNFL aux head ON (CLS→[Mean,S,N,I,T], train-only; unused at inference) — structural surrogate to raise sev_corr / the r-ceiling
✓ Cross-point refinement
  Trainable: attention=425,985 + head=558,337 + refinement=11,181 = 995,503
Warm-started 430 tensors from long_global_f0_best.pth (decoder + frozen encoder; LoRA A/B fresh).
Caching frozen prefix (blocks[:16]) — train ×1 views …
  Train: 522 eyes → 522 images
  M2: RNFL aux targets on 488/522 train views
  522 train views cached. Val …
  Train: 109 eyes → 109 images
  109 val eyes cached.
  Freed 16 prefix blocks. Trainable params: 3,441,655
[E01] train MAE 4.31 | VAL MAE 4.393 slope 0.469 corr 0.700 σp/σt 0.67 ✓ saved
[E02] train MAE 4.32 | VAL MAE 4.362 slope 0.440 corr 0.707 σp/σt 0.62 ✓ saved
[E03] train MAE 4.22 | VAL MAE 4.410 slope 0.476 corr 0.689 σp/σt 0.69
[E04] train MAE 4.25 | VAL MAE 4.333 slope 0.469 corr 0.709 σp/σt 0.66 ✓ saved
[E06] train MAE 4.11 | VAL MAE 4.468 slope 0.415 corr 0.695 σp/σt 0.60
[E08] train MAE 3.96 | VAL MAE 4.322 slope 0.490 corr 0.695 σp/σt 0.70 ✓ saved
[E10] train MAE 3.92 | VAL MAE 4.410 slope 0.469 corr 0.705 σp/σt 0.67
[E12] train MAE 3.92 | VAL MAE 4.297 slope 0.547 corr 0.720 σp/σt 0.76 ✓ saved
[E14] train MAE 3.80 | VAL MAE 4.335 slope 0.531 corr 0.692 σp/σt 0.77
[E16] train MAE 3.89 | VAL MAE 4.366 slope 0.480 corr 0.712 σp/σt 0.67
[E18] train MAE 3.84 | VAL MAE 4.226 slope 0.509 corr 0.713 σp/σt 0.71 ✓ saved
[E20] train MAE 3.67 | VAL MAE 4.252 slope 0.548 corr 0.723 σp/σt 0.76
[E22] train MAE 3.66 | VAL MAE 4.206 slope 0.573 corr 0.730 σp/σt 0.78 ✓ saved
[E24] train MAE 3.56 | VAL MAE 4.231 slope 0.527 corr 0.717 σp/σt 0.74
[E26] train MAE 3.49 | VAL MAE 4.191 slope 0.593 corr 0.727 σp/σt 0.82 ✓ saved
[E28] train MAE 3.54 | VAL MAE 4.230 slope 0.544 corr 0.719 σp/σt 0.76
[E30] train MAE 3.49 | VAL MAE 4.233 slope 0.553 corr 0.723 σp/σt 0.76
[E32] train MAE 3.39 | VAL MAE 4.240 slope 0.542 corr 0.722 σp/σt 0.75
[E34] train MAE 3.49 | VAL MAE 4.238 slope 0.532 corr 0.720 σp/σt 0.74
[E36] train MAE 3.40 | VAL MAE 4.221 slope 0.548 corr 0.723 σp/σt 0.76
[E38] train MAE 3.44 | VAL MAE 4.224 slope 0.544 corr 0.722 σp/σt 0.75
[E40] train MAE 3.41 | VAL MAE 4.218 slope 0.544 corr 0.722 σp/σt 0.75
BEST val: MAE 4.191 slope 0.593 corr 0.727 @ep26 → /Users/oscarchung/Documents/Python Projects/Fundus-To-VF-Generation/decoder/results/auto/m2rnfl_f0_best.pth
