✓ Using MPS (Apple Silicon GPU)
✓ Loaded RETFound
✓ Encoder: FROZEN
✓ Method C: LoRA ON — 8 adapters in last 8 blocks (rank=8, alpha=16, dropout=0.1); 262,144 trainable LoRA params; RETFound base frozen
✓ Per-point attention (dropout=0.4, temp_init=2.0)
✓ Shared point head (dropout=0.4)
✓ Joint global-spatial head ON (ADDITIVE: per-point pred + zero-mean global pattern from mean-pool patches‖CLS; zero-init=no-op start) — targets eyeCorr 0.51
✓ M1: severity head ON (CLS→ΔMD uniform-shift correction on the emergent eye-mean, zero-init=no-op start, blend=1.0) — de-shrunk severity
✓ Cross-point refinement
  Trainable: attention=425,985 + head=558,337 + refinement=11,181 = 995,503
Warm-started 430 tensors from long_global_f4_best.pth (decoder + frozen encoder; LoRA A/B fresh).
✓ P1: disc-ROI is the SOLE input (DISC_HALF=0.27, cx OD/OS 0.78/0.22). Fundus-only at inference.
Caching frozen prefix (blocks[:16]) — train ×2 views +disc_only …
  Train: 500 eyes → 500 images
  1000 train views cached. Val …
  Train: 131 eyes → 131 images
  131 val eyes cached.
  Freed 16 prefix blocks. Trainable params: 3,144,946
[E01] train MAE 4.79 | VAL MAE 4.346 slope 0.460 corr 0.570 σp/σt 0.81 ✓ saved
[E02] train MAE 4.42 | VAL MAE 4.067 slope 0.364 corr 0.615 σp/σt 0.59 ✓ saved
[E03] train MAE 4.35 | VAL MAE 3.976 slope 0.431 corr 0.617 σp/σt 0.70 ✓ saved
[E04] train MAE 4.06 | VAL MAE 4.119 slope 0.443 corr 0.617 σp/σt 0.72
[E06] train MAE 3.92 | VAL MAE 4.105 slope 0.481 corr 0.616 σp/σt 0.78
[E08] train MAE 3.70 | VAL MAE 4.126 slope 0.403 corr 0.584 σp/σt 0.69
[E10] train MAE 3.61 | VAL MAE 4.138 slope 0.505 corr 0.618 σp/σt 0.82
[E12] train MAE 3.44 | VAL MAE 4.326 slope 0.463 corr 0.592 σp/σt 0.78
[E14] train MAE 3.30 | VAL MAE 4.202 slope 0.477 corr 0.598 σp/σt 0.80
[E16] train MAE 3.25 | VAL MAE 4.131 slope 0.474 corr 0.603 σp/σt 0.79
[E18] train MAE 3.18 | VAL MAE 4.224 slope 0.511 corr 0.607 σp/σt 0.84
[E20] train MAE 3.06 | VAL MAE 4.180 slope 0.509 corr 0.610 σp/σt 0.83
[E22] train MAE 2.99 | VAL MAE 4.286 slope 0.493 corr 0.606 σp/σt 0.81
[E24] train MAE 2.86 | VAL MAE 4.181 slope 0.476 corr 0.601 σp/σt 0.79
[E26] train MAE 2.87 | VAL MAE 4.121 slope 0.489 corr 0.612 σp/σt 0.80
[E28] train MAE 2.87 | VAL MAE 4.179 slope 0.517 corr 0.612 σp/σt 0.84
[E30] train MAE 2.81 | VAL MAE 4.237 slope 0.503 corr 0.609 σp/σt 0.83
[E32] train MAE 2.82 | VAL MAE 4.151 slope 0.494 corr 0.611 σp/σt 0.81
[E34] train MAE 2.79 | VAL MAE 4.223 slope 0.499 corr 0.607 σp/σt 0.82
[E36] train MAE 2.70 | VAL MAE 4.128 slope 0.496 corr 0.615 σp/σt 0.81
[E38] train MAE 2.71 | VAL MAE 4.162 slope 0.505 corr 0.617 σp/σt 0.82
[E40] train MAE 2.74 | VAL MAE 4.154 slope 0.502 corr 0.616 σp/σt 0.82
BEST val: MAE 3.976 slope 0.431 corr 0.617 @ep3 → /Users/oscarchung/Documents/Python Projects/Fundus-To-VF-Generation/decoder/results/auto/p1disc_jit_f4_best.pth
