✓ Using MPS (Apple Silicon GPU)
✓ Loaded RETFound
✓ Encoder: FROZEN
✓ Method C: LoRA ON — 8 adapters in last 8 blocks (rank=8, alpha=16, dropout=0.1); 262,144 trainable LoRA params; RETFound base frozen
✓ Per-point attention (dropout=0.4, temp_init=2.0)
✓ Shared point head (dropout=0.4)
✓ Joint global-spatial head ON (ADDITIVE: per-point pred + zero-mean global pattern from mean-pool patches‖CLS; zero-init=no-op start) — targets eyeCorr 0.51
✓ M1: severity head ON (CLS→ΔMD uniform-shift correction on the emergent eye-mean, zero-init=no-op start, blend=1.0) — de-shrunk severity
✓ Cross-point refinement
  Trainable: attention=425,985 + head=558,337 + refinement=11,181 = 995,503
Warm-started 430 tensors from long_global_f0_best.pth (decoder + frozen encoder; LoRA A/B fresh).
Caching frozen prefix (blocks[:16]) — train ×1 views …
  Train: 522 eyes → 522 images
  522 train views cached. Val …
  Train: 109 eyes → 109 images
  109 val eyes cached.
  Freed 16 prefix blocks. Trainable params: 3,144,946
  M3: EMA ON (decay=0.998) over 72 trainable tensors
[E01] train MAE 4.52 | VAL MAE 4.438 slope 0.445 corr 0.703 σp/σt 0.63 ✓ saved
[E02] train MAE 4.31 | VAL MAE 4.384 slope 0.496 corr 0.713 σp/σt 0.70 ✓ saved
[E03] train MAE 4.23 | VAL MAE 4.310 slope 0.496 corr 0.715 σp/σt 0.69 ✓ saved
[E04] train MAE 4.05 | VAL MAE 4.341 slope 0.463 corr 0.703 σp/σt 0.66
[E06] train MAE 4.11 | VAL MAE 4.332 slope 0.484 corr 0.701 σp/σt 0.69
[E08] train MAE 4.01 | VAL MAE 4.264 slope 0.501 corr 0.714 σp/σt 0.70 ✓ saved
[E10] train MAE 3.96 | VAL MAE 4.275 slope 0.499 corr 0.711 σp/σt 0.70
[E12] train MAE 3.98 | VAL MAE 4.228 slope 0.512 corr 0.715 σp/σt 0.72 ✓ saved
[E14] train MAE 3.81 | VAL MAE 4.241 slope 0.514 corr 0.714 σp/σt 0.72
[E16] train MAE 3.93 | VAL MAE 4.247 slope 0.522 corr 0.712 σp/σt 0.73
[E18] train MAE 3.76 | VAL MAE 4.254 slope 0.530 corr 0.712 σp/σt 0.74
[E20] train MAE 3.71 | VAL MAE 4.242 slope 0.531 corr 0.712 σp/σt 0.74
[E22] train MAE 3.58 | VAL MAE 4.231 slope 0.533 corr 0.715 σp/σt 0.75 ✓ saved
[E24] train MAE 3.48 | VAL MAE 4.229 slope 0.540 corr 0.717 σp/σt 0.75 ✓ saved
[E26] train MAE 3.51 | VAL MAE 4.231 slope 0.540 corr 0.718 σp/σt 0.75
[E28] train MAE 3.54 | VAL MAE 4.235 slope 0.539 corr 0.719 σp/σt 0.75
[E30] train MAE 3.50 | VAL MAE 4.244 slope 0.538 corr 0.717 σp/σt 0.75
[E32] train MAE 3.40 | VAL MAE 4.245 slope 0.538 corr 0.716 σp/σt 0.75
[E34] train MAE 3.44 | VAL MAE 4.242 slope 0.538 corr 0.717 σp/σt 0.75
[E36] train MAE 3.45 | VAL MAE 4.234 slope 0.539 corr 0.717 σp/σt 0.75
[E38] train MAE 3.27 | VAL MAE 4.233 slope 0.538 corr 0.716 σp/σt 0.75
[E40] train MAE 3.36 | VAL MAE 4.232 slope 0.538 corr 0.716 σp/σt 0.75
BEST val: MAE 4.229 slope 0.540 corr 0.717 @ep24 → /Users/oscarchung/Documents/Python Projects/Fundus-To-VF-Generation/decoder/results/auto/m1m3_f0_best.pth
