✓ Using MPS (Apple Silicon GPU)
✓ Loaded RETFound
✓ Encoder: FROZEN
✓ Method C: LoRA ON — 8 adapters in last 8 blocks (rank=8, alpha=16, dropout=0.1); 262,144 trainable LoRA params; RETFound base frozen
✓ Per-point attention (dropout=0.4, temp_init=2.0)
✓ Shared point head (dropout=0.4)
✓ Joint global-spatial head ON (ADDITIVE: per-point pred + zero-mean global pattern from mean-pool patches‖CLS; zero-init=no-op start) — targets eyeCorr 0.51
✓ M1: severity head ON (CLS→ΔMD uniform-shift correction on the emergent eye-mean, zero-init=no-op start, blend=1.0) — de-shrunk severity
✓ Cross-point refinement
  Trainable: attention=425,985 + head=558,337 + refinement=11,181 = 995,503
Warm-started 430 tensors from long_global_f3_best.pth (decoder + frozen encoder; LoRA A/B fresh).
Caching frozen prefix (blocks[:16]) — train ×1 views …
  Train: 490 eyes → 490 images
  490 train views cached. Val …
  Train: 141 eyes → 141 images
  141 val eyes cached.
  Freed 16 prefix blocks. Trainable params: 3,144,946
[E01] train MAE 4.61 | VAL MAE 4.311 slope 0.585 corr 0.704 σp/σt 0.83 ✓ saved
[E02] train MAE 4.34 | VAL MAE 4.179 slope 0.549 corr 0.700 σp/σt 0.78 ✓ saved
[E03] train MAE 4.27 | VAL MAE 4.157 slope 0.451 corr 0.699 σp/σt 0.65
[E04] train MAE 4.38 | VAL MAE 4.126 slope 0.549 corr 0.710 σp/σt 0.77 ✓ saved
[E06] train MAE 4.22 | VAL MAE 4.166 slope 0.457 corr 0.678 σp/σt 0.67
[E08] train MAE 4.12 | VAL MAE 4.333 slope 0.547 corr 0.699 σp/σt 0.78
[E10] train MAE 4.05 | VAL MAE 4.197 slope 0.542 corr 0.682 σp/σt 0.80
[E12] train MAE 3.93 | VAL MAE 4.273 slope 0.535 corr 0.683 σp/σt 0.78
[E14] train MAE 4.03 | VAL MAE 4.161 slope 0.575 corr 0.693 σp/σt 0.83
[E16] train MAE 3.69 | VAL MAE 4.150 slope 0.564 corr 0.697 σp/σt 0.81
[E18] train MAE 3.71 | VAL MAE 4.150 slope 0.568 corr 0.697 σp/σt 0.82
[E20] train MAE 3.67 | VAL MAE 4.166 slope 0.567 corr 0.692 σp/σt 0.82
[E22] train MAE 3.41 | VAL MAE 4.277 slope 0.620 corr 0.691 σp/σt 0.90
[E24] train MAE 3.63 | VAL MAE 4.212 slope 0.603 corr 0.694 σp/σt 0.87
[E26] train MAE 3.52 | VAL MAE 4.191 slope 0.555 corr 0.689 σp/σt 0.81
[E28] train MAE 3.49 | VAL MAE 4.233 slope 0.559 corr 0.683 σp/σt 0.82
[E30] train MAE 3.51 | VAL MAE 4.268 slope 0.565 corr 0.679 σp/σt 0.83
[E32] train MAE 3.44 | VAL MAE 4.219 slope 0.577 corr 0.687 σp/σt 0.84
[E34] train MAE 3.42 | VAL MAE 4.211 slope 0.576 corr 0.687 σp/σt 0.84
[E36] train MAE 3.43 | VAL MAE 4.213 slope 0.576 corr 0.686 σp/σt 0.84
[E38] train MAE 3.45 | VAL MAE 4.205 slope 0.585 corr 0.689 σp/σt 0.85
[E40] train MAE 3.35 | VAL MAE 4.205 slope 0.579 corr 0.688 σp/σt 0.84
BEST val: MAE 4.126 slope 0.549 corr 0.710 @ep4 → /Users/oscarchung/Documents/Python Projects/Fundus-To-VF-Generation/decoder/results/auto/m1sev_f3_best.pth
