✓ Using MPS (Apple Silicon GPU)
✓ Loaded RETFound
✓ Encoder: FROZEN
✓ Method C: LoRA ON — 8 adapters in last 8 blocks (rank=8, alpha=16, dropout=0.1); 262,144 trainable LoRA params; RETFound base frozen
✓ Per-point attention (dropout=0.4, temp_init=2.0)
✓ Shared point head (dropout=0.4)
✓ Joint global-spatial head ON (ADDITIVE: per-point pred + zero-mean global pattern from mean-pool patches‖CLS; zero-init=no-op start) — targets eyeCorr 0.51
✓ M1: severity head ON (CLS→ΔMD uniform-shift correction on the emergent eye-mean, zero-init=no-op start, blend=1.0) — de-shrunk severity
✓ Cross-point refinement
  Trainable: attention=425,985 + head=558,337 + refinement=11,181 = 995,503
Warm-started 430 tensors from long_global_f4_best.pth (decoder + frozen encoder; LoRA A/B fresh).
Caching frozen prefix (blocks[:16]) — train ×1 views …
  Train: 500 eyes → 500 images
  500 train views cached. Val …
  Train: 131 eyes → 131 images
  131 val eyes cached.
  Freed 16 prefix blocks. Trainable params: 3,144,946
[E01] train MAE 4.53 | VAL MAE 4.622 slope 0.367 corr 0.507 σp/σt 0.72 ✓ saved
[E02] train MAE 4.53 | VAL MAE 4.423 slope 0.351 corr 0.499 σp/σt 0.70 ✓ saved
[E03] train MAE 4.27 | VAL MAE 4.582 slope 0.403 corr 0.537 σp/σt 0.75
[E04] train MAE 4.35 | VAL MAE 4.552 slope 0.262 corr 0.480 σp/σt 0.55
[E06] train MAE 4.22 | VAL MAE 4.438 slope 0.463 corr 0.548 σp/σt 0.84 ✓ saved
[E08] train MAE 4.33 | VAL MAE 4.590 slope 0.429 corr 0.510 σp/σt 0.84
[E10] train MAE 3.85 | VAL MAE 4.582 slope 0.453 corr 0.519 σp/σt 0.87
[E12] train MAE 4.19 | VAL MAE 4.483 slope 0.433 corr 0.515 σp/σt 0.84
[E14] train MAE 3.93 | VAL MAE 4.459 slope 0.422 corr 0.525 σp/σt 0.80
[E16] train MAE 3.81 | VAL MAE 4.557 slope 0.458 corr 0.523 σp/σt 0.88
[E18] train MAE 4.21 | VAL MAE 4.467 slope 0.473 corr 0.550 σp/σt 0.86
[E20] train MAE 3.82 | VAL MAE 4.420 slope 0.440 corr 0.526 σp/σt 0.84 ✓ saved
[E22] train MAE 3.74 | VAL MAE 4.349 slope 0.426 corr 0.547 σp/σt 0.78 ✓ saved
[E24] train MAE 3.59 | VAL MAE 4.337 slope 0.485 corr 0.564 σp/σt 0.86 ✓ saved
[E26] train MAE 3.61 | VAL MAE 4.453 slope 0.494 corr 0.552 σp/σt 0.89
[E28] train MAE 3.54 | VAL MAE 4.335 slope 0.480 corr 0.569 σp/σt 0.84 ✓ saved
[E30] train MAE 3.63 | VAL MAE 4.310 slope 0.475 corr 0.570 σp/σt 0.83 ✓ saved
[E32] train MAE 3.42 | VAL MAE 4.332 slope 0.480 corr 0.569 σp/σt 0.84
[E34] train MAE 3.55 | VAL MAE 4.350 slope 0.482 corr 0.566 σp/σt 0.85
[E36] train MAE 3.53 | VAL MAE 4.368 slope 0.485 corr 0.566 σp/σt 0.86
[E38] train MAE 3.42 | VAL MAE 4.360 slope 0.486 corr 0.567 σp/σt 0.86
