✓ Using MPS (Apple Silicon GPU)
✓ Loaded RETFound
✓ Encoder: FROZEN
✓ Method C: LoRA ON — 8 adapters in last 8 blocks (rank=8, alpha=16, dropout=0.1); 262,144 trainable LoRA params; RETFound base frozen
✓ Per-point attention (dropout=0.4, temp_init=2.0)
✓ Shared point head (dropout=0.4)
✓ Joint global-spatial head ON (ADDITIVE: per-point pred + zero-mean global pattern from mean-pool patches‖CLS; zero-init=no-op start) — targets eyeCorr 0.51
✓ M1: severity head ON (CLS→ΔMD uniform-shift correction on the emergent eye-mean, zero-init=no-op start, blend=1.0) — de-shrunk severity
✓ Cross-point refinement
  Trainable: attention=425,985 + head=558,337 + refinement=11,181 = 995,503
Warm-started 430 tensors from long_global_f0_best.pth (decoder + frozen encoder; LoRA A/B fresh).
Caching frozen prefix (blocks[:16]) — train ×1 views …
  Train: 522 eyes → 522 images
  522 train views cached. Val …
  Train: 109 eyes → 109 images
  109 val eyes cached.
  Freed 16 prefix blocks. Trainable params: 3,144,946
[E01] train MAE 4.41 | VAL MAE 4.549 slope 0.575 corr 0.713 σp/σt 0.81 ✓ saved
[E02] train MAE 4.50 | VAL MAE 4.525 slope 0.439 corr 0.715 σp/σt 0.61
[E03] train MAE 4.32 | VAL MAE 4.438 slope 0.534 corr 0.712 σp/σt 0.75 ✓ saved
[E04] train MAE 4.19 | VAL MAE 4.724 slope 0.503 corr 0.731 σp/σt 0.69
[E06] train MAE 4.23 | VAL MAE 4.340 slope 0.475 corr 0.691 σp/σt 0.69 ✓ saved
[E08] train MAE 3.96 | VAL MAE 4.466 slope 0.501 corr 0.721 σp/σt 0.69
[E10] train MAE 3.91 | VAL MAE 4.159 slope 0.564 corr 0.726 σp/σt 0.78 ✓ saved
[E12] train MAE 3.88 | VAL MAE 4.257 slope 0.492 corr 0.704 σp/σt 0.70
[E14] train MAE 3.86 | VAL MAE 4.248 slope 0.558 corr 0.724 σp/σt 0.77
[E16] train MAE 3.93 | VAL MAE 4.317 slope 0.569 corr 0.732 σp/σt 0.78
[E18] train MAE 3.80 | VAL MAE 4.205 slope 0.539 corr 0.724 σp/σt 0.74
[E20] train MAE 3.57 | VAL MAE 4.170 slope 0.571 corr 0.723 σp/σt 0.79
[E22] train MAE 3.69 | VAL MAE 4.293 slope 0.487 corr 0.699 σp/σt 0.70
[E24] train MAE 3.63 | VAL MAE 4.250 slope 0.546 corr 0.715 σp/σt 0.76
