✓ Using MPS (Apple Silicon GPU)
✓ Loaded RETFound
✓ Encoder: FROZEN
✓ Method C: LoRA ON — 8 adapters in last 8 blocks (rank=8, alpha=16, dropout=0.1); 262,144 trainable LoRA params; RETFound base frozen
✓ Per-point attention (dropout=0.4, temp_init=2.0)
✓ Shared point head (dropout=0.4)
✓ Joint global-spatial head ON (ADDITIVE: per-point pred + zero-mean global pattern from mean-pool patches‖CLS; zero-init=no-op start) — targets eyeCorr 0.51
✓ M1: severity head ON (CLS→ΔMD uniform-shift correction on the emergent eye-mean, zero-init=no-op start, blend=1.0) — de-shrunk severity
✓ M2: fundus→RNFL aux head ON (CLS→[Mean,S,N,I,T], train-only; unused at inference) — structural surrogate to raise sev_corr / the r-ceiling
✓ Cross-point refinement
  Trainable: attention=425,985 + head=558,337 + refinement=11,181 = 995,503
Warm-started 430 tensors from long_global_f3_best.pth (decoder + frozen encoder; LoRA A/B fresh).
Caching frozen prefix (blocks[:16]) — train ×1 views …
  Train: 490 eyes → 490 images
  M2: RNFL aux targets on 460/490 train views
  490 train views cached. Val …
  Train: 141 eyes → 141 images
  141 val eyes cached.
  Freed 16 prefix blocks. Trainable params: 3,441,655
[E01] train MAE 4.58 | VAL MAE 4.223 slope 0.513 corr 0.687 σp/σt 0.75 ✓ saved
[E02] train MAE 4.35 | VAL MAE 4.169 slope 0.589 corr 0.706 σp/σt 0.83 ✓ saved
[E03] train MAE 4.43 | VAL MAE 4.261 slope 0.574 corr 0.711 σp/σt 0.81
[E04] train MAE 4.33 | VAL MAE 4.133 slope 0.553 corr 0.706 σp/σt 0.78 ✓ saved
[E06] train MAE 4.18 | VAL MAE 4.127 slope 0.591 corr 0.707 σp/σt 0.84 ✓ saved
[E08] train MAE 4.04 | VAL MAE 4.210 slope 0.587 corr 0.700 σp/σt 0.84
[E10] train MAE 4.14 | VAL MAE 4.109 slope 0.558 corr 0.706 σp/σt 0.79 ✓ saved
[E12] train MAE 3.80 | VAL MAE 4.283 slope 0.642 corr 0.701 σp/σt 0.91
[E14] train MAE 3.76 | VAL MAE 4.257 slope 0.499 corr 0.680 σp/σt 0.73
[E16] train MAE 3.82 | VAL MAE 4.246 slope 0.573 corr 0.686 σp/σt 0.84
[E18] train MAE 3.70 | VAL MAE 4.172 slope 0.580 corr 0.688 σp/σt 0.84
[E20] train MAE 3.62 | VAL MAE 4.246 slope 0.564 corr 0.685 σp/σt 0.82
[E22] train MAE 3.70 | VAL MAE 4.227 slope 0.635 corr 0.700 σp/σt 0.91
[E24] train MAE 3.50 | VAL MAE 4.283 slope 0.558 corr 0.680 σp/σt 0.82
[E26] train MAE 3.53 | VAL MAE 4.233 slope 0.584 corr 0.688 σp/σt 0.85
[E28] train MAE 3.51 | VAL MAE 4.207 slope 0.603 corr 0.694 σp/σt 0.87
[E30] train MAE 3.39 | VAL MAE 4.216 slope 0.574 corr 0.688 σp/σt 0.83
[E32] train MAE 3.48 | VAL MAE 4.214 slope 0.603 corr 0.693 σp/σt 0.87
[E34] train MAE 3.53 | VAL MAE 4.227 slope 0.599 corr 0.689 σp/σt 0.87
[E36] train MAE 3.54 | VAL MAE 4.196 slope 0.594 corr 0.691 σp/σt 0.86
[E38] train MAE 3.32 | VAL MAE 4.191 slope 0.587 corr 0.690 σp/σt 0.85
[E40] train MAE 3.37 | VAL MAE 4.190 slope 0.591 corr 0.691 σp/σt 0.85
BEST val: MAE 4.109 slope 0.558 corr 0.706 @ep10 → /Users/oscarchung/Documents/Python Projects/Fundus-To-VF-Generation/decoder/results/auto/m2rnfl_f3_best.pth
