✓ Using MPS (Apple Silicon GPU)
✓ Loaded RETFound
✓ Encoder: FROZEN
✓ Method C: LoRA ON — 8 adapters in last 8 blocks (rank=8, alpha=16, dropout=0.1); 262,144 trainable LoRA params; RETFound base frozen
✓ Per-point attention (dropout=0.4, temp_init=2.0)
✓ Shared point head (dropout=0.4)
✓ Joint global-spatial head ON (ADDITIVE: per-point pred + zero-mean global pattern from mean-pool patches‖CLS; zero-init=no-op start) — targets eyeCorr 0.51
✓ M1: severity head ON (CLS→ΔMD uniform-shift correction on the emergent eye-mean, zero-init=no-op start, blend=1.0) — de-shrunk severity
✓ Cross-point refinement
  Trainable: attention=425,985 + head=558,337 + refinement=11,181 = 995,503
Warm-started 430 tensors from long_global_f0_best.pth (decoder + frozen encoder; LoRA A/B fresh).
✓ P1: disc-ROI is the SOLE input (DISC_HALF=0.27, cx OD/OS 0.78/0.22). Fundus-only at inference.
Caching frozen prefix (blocks[:16]) — train ×2 views +disc_only …
  Train: 522 eyes → 522 images
  1044 train views cached. Val …
  Train: 109 eyes → 109 images
  109 val eyes cached.
  Freed 16 prefix blocks. Trainable params: 3,144,946
[E01] train MAE 4.68 | VAL MAE 4.442 slope 0.614 corr 0.712 σp/σt 0.86 ✓ saved
[E02] train MAE 4.37 | VAL MAE 4.367 slope 0.494 corr 0.732 σp/σt 0.68 ✓ saved
[E03] train MAE 4.25 | VAL MAE 4.496 slope 0.375 corr 0.695 σp/σt 0.54
[E04] train MAE 4.16 | VAL MAE 4.563 slope 0.516 corr 0.736 σp/σt 0.70
[E06] train MAE 3.95 | VAL MAE 4.689 slope 0.472 corr 0.733 σp/σt 0.64
[E08] train MAE 3.83 | VAL MAE 4.329 slope 0.519 corr 0.749 σp/σt 0.69 ✓ saved
[E10] train MAE 3.51 | VAL MAE 4.251 slope 0.499 corr 0.744 σp/σt 0.67 ✓ saved
[E12] train MAE 3.54 | VAL MAE 4.218 slope 0.535 corr 0.747 σp/σt 0.72 ✓ saved
[E14] train MAE 3.29 | VAL MAE 4.292 slope 0.510 corr 0.749 σp/σt 0.68
[E16] train MAE 3.28 | VAL MAE 3.992 slope 0.589 corr 0.756 σp/σt 0.78 ✓ saved
[E18] train MAE 3.23 | VAL MAE 4.192 slope 0.578 corr 0.750 σp/σt 0.77
[E20] train MAE 3.15 | VAL MAE 4.214 slope 0.575 corr 0.742 σp/σt 0.78
[E22] train MAE 2.97 | VAL MAE 4.221 slope 0.561 corr 0.738 σp/σt 0.76
[E24] train MAE 3.05 | VAL MAE 4.260 slope 0.566 corr 0.743 σp/σt 0.76
[E26] train MAE 2.97 | VAL MAE 4.307 slope 0.574 corr 0.747 σp/σt 0.77
[E28] train MAE 2.84 | VAL MAE 4.127 slope 0.589 corr 0.752 σp/σt 0.78
[E30] train MAE 2.84 | VAL MAE 4.179 slope 0.585 corr 0.742 σp/σt 0.79
[E32] train MAE 2.81 | VAL MAE 4.159 slope 0.595 corr 0.746 σp/σt 0.80
[E34] train MAE 2.71 | VAL MAE 4.130 slope 0.602 corr 0.748 σp/σt 0.80
[E36] train MAE 2.78 | VAL MAE 4.152 slope 0.583 corr 0.745 σp/σt 0.78
[E38] train MAE 2.75 | VAL MAE 4.170 slope 0.580 corr 0.746 σp/σt 0.78
[E40] train MAE 2.69 | VAL MAE 4.157 slope 0.581 corr 0.746 σp/σt 0.78
BEST val: MAE 3.992 slope 0.589 corr 0.756 @ep16 → /Users/oscarchung/Documents/Python Projects/Fundus-To-VF-Generation/decoder/results/auto/p1disc_jit_f0_best.pth
