✓ Using MPS (Apple Silicon GPU)
✓ Loaded RETFound
✓ Encoder: FROZEN
✓ Method C: LoRA ON — 8 adapters in last 8 blocks (rank=8, alpha=16, dropout=0.1); 262,144 trainable LoRA params; RETFound base frozen
✓ Per-point attention (dropout=0.4, temp_init=2.0)
✓ Shared point head (dropout=0.4)
✓ Joint global-spatial head ON (ADDITIVE: per-point pred + zero-mean global pattern from mean-pool patches‖CLS; zero-init=no-op start) — targets eyeCorr 0.51
✓ M1: severity head ON (CLS→ΔMD uniform-shift correction on the emergent eye-mean, zero-init=no-op start, blend=1.0) — de-shrunk severity
✓ Cross-point refinement
  Trainable: attention=425,985 + head=558,337 + refinement=11,181 = 995,503
Warm-started 430 tensors from long_global_f2_best.pth (decoder + frozen encoder; LoRA A/B fresh).
✓ P1: disc-ROI is the SOLE input (DISC_HALF=0.27, cx OD/OS 0.78/0.22). Fundus-only at inference.
Caching frozen prefix (blocks[:16]) — train ×2 views +disc_only …
  Train: 511 eyes → 511 images
  1022 train views cached. Val …
  Train: 120 eyes → 120 images
  120 val eyes cached.
  Freed 16 prefix blocks. Trainable params: 3,144,946
[E01] train MAE 4.56 | VAL MAE 4.784 slope 0.527 corr 0.638 σp/σt 0.83 ✓ saved
[E02] train MAE 4.35 | VAL MAE 4.977 slope 0.527 corr 0.643 σp/σt 0.82
[E03] train MAE 4.21 | VAL MAE 4.643 slope 0.485 corr 0.649 σp/σt 0.75 ✓ saved
[E04] train MAE 3.98 | VAL MAE 4.777 slope 0.543 corr 0.649 σp/σt 0.84
[E06] train MAE 3.73 | VAL MAE 4.642 slope 0.479 corr 0.660 σp/σt 0.73
[E08] train MAE 3.59 | VAL MAE 5.002 slope 0.539 corr 0.633 σp/σt 0.85
[E10] train MAE 3.60 | VAL MAE 4.868 slope 0.541 corr 0.649 σp/σt 0.83
[E12] train MAE 3.42 | VAL MAE 4.447 slope 0.554 corr 0.674 σp/σt 0.82 ✓ saved
[E14] train MAE 3.32 | VAL MAE 4.635 slope 0.505 corr 0.664 σp/σt 0.76
[E16] train MAE 3.17 | VAL MAE 4.545 slope 0.526 corr 0.668 σp/σt 0.79
[E18] train MAE 3.10 | VAL MAE 5.023 slope 0.575 corr 0.655 σp/σt 0.88
[E20] train MAE 3.10 | VAL MAE 4.736 slope 0.577 corr 0.666 σp/σt 0.87
[E22] train MAE 3.00 | VAL MAE 4.583 slope 0.584 corr 0.676 σp/σt 0.86
[E24] train MAE 2.93 | VAL MAE 4.617 slope 0.557 corr 0.667 σp/σt 0.84
[E26] train MAE 2.84 | VAL MAE 4.648 slope 0.563 corr 0.675 σp/σt 0.83
[E28] train MAE 2.82 | VAL MAE 4.663 slope 0.593 corr 0.673 σp/σt 0.88
[E30] train MAE 2.77 | VAL MAE 4.623 slope 0.598 corr 0.672 σp/σt 0.89
[E32] train MAE 2.76 | VAL MAE 4.552 slope 0.596 corr 0.677 σp/σt 0.88
[E34] train MAE 2.70 | VAL MAE 4.682 slope 0.601 corr 0.675 σp/σt 0.89
[E36] train MAE 2.74 | VAL MAE 4.637 slope 0.592 corr 0.674 σp/σt 0.88
[E38] train MAE 2.71 | VAL MAE 4.664 slope 0.596 corr 0.671 σp/σt 0.89
[E40] train MAE 2.63 | VAL MAE 4.663 slope 0.598 corr 0.671 σp/σt 0.89
BEST val: MAE 4.447 slope 0.554 corr 0.674 @ep12 → /Users/oscarchung/Documents/Python Projects/Fundus-To-VF-Generation/decoder/results/auto/p1disc_jit_f2_best.pth
