✓ Using MPS (Apple Silicon GPU)
✓ Loaded RETFound
✓ Encoder: FROZEN
✓ Method C: LoRA ON — 8 adapters in last 8 blocks (rank=8, alpha=16, dropout=0.1); 262,144 trainable LoRA params; RETFound base frozen
✓ Per-point attention (dropout=0.4, temp_init=2.0)
✓ Shared point head (dropout=0.4)
✓ Joint global-spatial head ON (ADDITIVE: per-point pred + zero-mean global pattern from mean-pool patches‖CLS; zero-init=no-op start) — targets eyeCorr 0.51
✓ M1: severity head ON (CLS→ΔMD uniform-shift correction on the emergent eye-mean, zero-init=no-op start, blend=1.0) — de-shrunk severity
✓ Cross-point refinement
  Trainable: attention=425,985 + head=558,337 + refinement=11,181 = 995,503
Warm-started 430 tensors from long_global_f3_best.pth (decoder + frozen encoder; LoRA A/B fresh).
✓ P1: disc-ROI is the SOLE input (DISC_HALF=0.27, cx OD/OS 0.78/0.22). Fundus-only at inference.
Caching frozen prefix (blocks[:16]) — train ×2 views +disc_only …
  Train: 490 eyes → 490 images
  980 train views cached. Val …
  Train: 141 eyes → 141 images
  141 val eyes cached.
  Freed 16 prefix blocks. Trainable params: 3,144,946
[E01] train MAE 4.88 | VAL MAE 4.076 slope 0.482 corr 0.728 σp/σt 0.66 ✓ saved
[E02] train MAE 4.51 | VAL MAE 4.097 slope 0.623 corr 0.743 σp/σt 0.84 ✓ saved
[E03] train MAE 4.30 | VAL MAE 4.030 slope 0.553 corr 0.736 σp/σt 0.75 ✓ saved
[E04] train MAE 4.23 | VAL MAE 4.106 slope 0.660 corr 0.739 σp/σt 0.89
[E06] train MAE 4.03 | VAL MAE 4.003 slope 0.677 corr 0.750 σp/σt 0.90 ✓ saved
[E08] train MAE 3.82 | VAL MAE 3.947 slope 0.569 corr 0.731 σp/σt 0.78 ✓ saved
[E10] train MAE 3.55 | VAL MAE 4.087 slope 0.644 corr 0.743 σp/σt 0.87
[E12] train MAE 3.49 | VAL MAE 3.983 slope 0.638 corr 0.744 σp/σt 0.86
[E14] train MAE 3.38 | VAL MAE 3.903 slope 0.610 corr 0.740 σp/σt 0.83 ✓ saved
[E16] train MAE 3.27 | VAL MAE 3.972 slope 0.591 corr 0.740 σp/σt 0.80
[E18] train MAE 3.31 | VAL MAE 3.911 slope 0.639 corr 0.738 σp/σt 0.87 ✓ saved
[E20] train MAE 3.06 | VAL MAE 3.862 slope 0.622 corr 0.737 σp/σt 0.84 ✓ saved
[E22] train MAE 3.05 | VAL MAE 3.867 slope 0.636 corr 0.738 σp/σt 0.86 ✓ saved
[E24] train MAE 2.93 | VAL MAE 3.953 slope 0.644 corr 0.736 σp/σt 0.88
[E26] train MAE 2.87 | VAL MAE 3.850 slope 0.694 corr 0.744 σp/σt 0.93 ✓ saved
[E28] train MAE 2.80 | VAL MAE 3.858 slope 0.645 corr 0.739 σp/σt 0.87
[E30] train MAE 2.80 | VAL MAE 3.872 slope 0.642 corr 0.733 σp/σt 0.88
[E32] train MAE 2.84 | VAL MAE 3.903 slope 0.645 corr 0.734 σp/σt 0.88
[E34] train MAE 2.77 | VAL MAE 3.875 slope 0.643 corr 0.734 σp/σt 0.88
[E36] train MAE 2.76 | VAL MAE 3.862 slope 0.643 corr 0.734 σp/σt 0.88
[E38] train MAE 2.73 | VAL MAE 3.883 slope 0.647 corr 0.734 σp/σt 0.88
[E40] train MAE 2.73 | VAL MAE 3.880 slope 0.644 corr 0.733 σp/σt 0.88
BEST val: MAE 3.850 slope 0.694 corr 0.744 @ep26 → /Users/oscarchung/Documents/Python Projects/Fundus-To-VF-Generation/decoder/results/auto/p1disc_jit_f3_best.pth
