===== FOLD 3 start Wed Jul  8 20:50:03 PDT 2026 =====
✓ Using MPS (Apple Silicon GPU)
✓ Loaded RETFound
✓ Encoder: FROZEN
✓ Method C: LoRA ON — 8 adapters in last 8 blocks (rank=8, alpha=16, dropout=0.1); 262,144 trainable LoRA params; RETFound base frozen
✓ Per-point attention (dropout=0.4, temp_init=2.0)
✓ Shared point head (dropout=0.4)
✓ Joint global-spatial head ON (ADDITIVE: per-point pred + zero-mean global pattern from mean-pool patches‖CLS; zero-init=no-op start) — targets eyeCorr 0.51
✓ M1: severity head ON (CLS→ΔMD uniform-shift correction on the emergent eye-mean, zero-init=no-op start, blend=1.0) — de-shrunk severity
✓ Cross-point refinement
  Trainable: attention=425,985 + head=558,337 + refinement=11,181 = 995,503
Warm-started 430 tensors from long_global_f3_best.pth (decoder + frozen encoder; LoRA A/B fresh).
✓ P1: disc-ROI is the SOLE input (DISC_HALF=0.27, cx OD/OS 0.78/0.22). Fundus-only at inference.
Caching frozen prefix (blocks[:16]) — train ×1 views +disc_only …
  Train: 490 eyes → 490 images
  490 train views cached. Val …
  Train: 141 eyes → 141 images
  141 val eyes cached.
  Freed 16 prefix blocks. Trainable params: 3,144,946
[E01] train MAE 4.85 | VAL MAE 4.213 slope 0.499 corr 0.676 σp/σt 0.74 ✓ saved
[E02] train MAE 4.60 | VAL MAE 4.049 slope 0.482 corr 0.716 σp/σt 0.67 ✓ saved
[E03] train MAE 4.41 | VAL MAE 3.956 slope 0.546 corr 0.740 σp/σt 0.74 ✓ saved
[E04] train MAE 4.20 | VAL MAE 4.187 slope 0.618 corr 0.748 σp/σt 0.83
[E06] train MAE 4.34 | VAL MAE 3.975 slope 0.536 corr 0.720 σp/σt 0.74
[E08] train MAE 4.08 | VAL MAE 4.029 slope 0.644 corr 0.737 σp/σt 0.87
[E10] train MAE 4.11 | VAL MAE 3.962 slope 0.599 corr 0.725 σp/σt 0.83 ✓ saved
[E12] train MAE 3.82 | VAL MAE 3.933 slope 0.628 corr 0.741 σp/σt 0.85 ✓ saved
[E14] train MAE 3.77 | VAL MAE 3.976 slope 0.590 corr 0.724 σp/σt 0.81
[E16] train MAE 3.70 | VAL MAE 3.910 slope 0.620 corr 0.730 σp/σt 0.85 ✓ saved
[E18] train MAE 3.56 | VAL MAE 4.002 slope 0.618 corr 0.720 σp/σt 0.86
[E20] train MAE 3.64 | VAL MAE 3.990 slope 0.680 corr 0.728 σp/σt 0.93
[E22] train MAE 3.44 | VAL MAE 3.940 slope 0.609 corr 0.718 σp/σt 0.85
[E24] train MAE 3.35 | VAL MAE 3.945 slope 0.663 corr 0.731 σp/σt 0.91
[E26] train MAE 3.37 | VAL MAE 3.911 slope 0.600 corr 0.732 σp/σt 0.82
[E28] train MAE 3.34 | VAL MAE 3.927 slope 0.634 corr 0.725 σp/σt 0.87
[E30] train MAE 3.23 | VAL MAE 3.912 slope 0.627 corr 0.728 σp/σt 0.86 ✓ saved
[E32] train MAE 3.27 | VAL MAE 3.938 slope 0.592 corr 0.723 σp/σt 0.82
[E34] train MAE 3.25 | VAL MAE 3.929 slope 0.616 corr 0.724 σp/σt 0.85
[E36] train MAE 3.25 | VAL MAE 3.928 slope 0.610 corr 0.723 σp/σt 0.84
[E38] train MAE 3.12 | VAL MAE 3.936 slope 0.615 corr 0.723 σp/σt 0.85
[E40] train MAE 3.17 | VAL MAE 3.929 slope 0.607 corr 0.722 σp/σt 0.84
BEST val: MAE 3.912 slope 0.627 corr 0.728 @ep30 → /Users/oscarchung/Documents/Python Projects/Fundus-To-VF-Generation/decoder/results/auto/p1disc_f3_best.pth
===== FOLD 3 done Wed Jul  8 21:34:43 PDT 2026 =====
